// Jest Snapshot v1, https://goo.gl/fbAQLP

exports[`ErrorBoundary component should match snapshot 1`] = `<div />`;
